Adela
Adelina
Adina
Adriana
Afrodita
Agneta
Alexandra
Alina
Alisia
Alma
Amalia
Amelia
Ana
Ana-Maria
Anamaria
Anca
Ancuța
Anda
Andra
Andrada
Andreea
Aneta
Angela
Anina
Anisa
Anișoara
Antonia
Arina
Aura
Aurelia
Aurica
Aurora
Ava
Bianca
Camelia
Carina
Carla
Carmen
Cătălina
Catinca
Catița
Cedana
Cerasela
Clara
Claudia
Codrina
Codruța
Constanța
Corina
Cornelia
Cosmina
Crina
Crista
Cristela
Cristiana
Cristina
Daciana
Daliana
Dalina
Dana
Daniela
Dănuța
Daria
Dariana
Delia
Denisa
Diana
Diandra
Dina
Dochia
Doina
Dora
Dorina
Doroteea
Dumitra
Dumitrița
Ecaterina
Elena
Eleonora
Elisabeta
Eliza
Elvira
Emanuela
Emilia
Eugenia
Eva
Felicia
Firoanda
Flavia
Floarea
Flora
Florentina
Florica
Florina
Florița
Gabriela
Geanina
Georgeta
Georgiana
Geta
Gina
Grațiela
Hortensia
Ileana
Ilinca
Inesa
Ioana
Ionela
Irina
Isabela
Iulia
Iuliana
Izabela
Larisa
Laura
Lavinia
Lenuța
Leontina
Leopaldia
Letiția
Liana
Lidia
Ligia
Lilia
Liliana
Lisa
Livia
Loredana
Lorena
Luana
Lucia
Luciana
Lucreția
Luiza
Luminița
Mădălina
Magda
Magdalena
Maia
Mălina
Manuela
Mara
Marcela
Margareta
Maria
Mariana
Maricica
Marieta
Marilena
Marina
Marinela
Marioara
Mărioara
Marișca
Măriuca
Marta
Medeea
Melania
Melisa
Mihaela
Milena
Minodora
Mioara
Mirabela
Mirela
Miruna
Monica
Morica
Nadia
Nadina
Narcisa
Natalia
Nătălița
Nichita
Nicoleta
Niculina
Nina
Oana
Octavia
Ofelia
Olga
Olguța
Olimpia
Olivia
Ornela
Otilia
Oxana
Ozana
Patricia
Paula
Persida
Petra
Petronela
Petruța
Rafaela
Raisa
Raluca
Ramona
Rebeca
Renata
Roberta
Rodica
Romanița
Romina
Roxana
Rozalia
Rozaria
Rozica
Ruxandra
Sabina
Samica
Sanda
Sandra
Saveta
Sergiana
Silvia
Simona
Sînziana
Sofia
Sonia
Sorina
Ștefana
Ștefania
Stela
Steliana
Tamara
Tanța
Tatiana
Teodora
Teofana
Valentina
Valeria
Valerica
Vanesa
Veronica
Victoria
Viorica
Viviana
Voichița
Zamfira
Zeina
Zoia