Abwzet
Aiaye
Aladyn
Ampwllenkwr
Ampwllya
Asinedd
Aszny
Aynshtayn
Baffalovy
Barbwt
Bashtan
Belesh
Belshwgg
Bengoss
Benzyn
Beshin
Blyatov
Boashe
Bobert
Bomfaier
Bondar
Bossman
Bostan
Boyer
Bozmeg
Bwffnitz
Bwlan
Bwlangyw
Bybol
Bygman
Byshtar
Choban
Chokapiq
Chokoflender
Cholaq
Chonky
Chwmpalaq
Conchy
Diwry
Dragnya
Dwbash
Dwjman
Dyhor
Egypwlame
Ewroy
Faraon
Felesh
Ferry
Frantzwz
Fruktyfer
Fwjitz
Fwrtishagg
Fwtwryn
Gabor
Gagyw
Galosh
Geanny
Geonny
Ghamyash
Gojira
Gugushtyuk
Gunoy
Gwnoyer
Gwsty
Gyorgesq
Gyorgy
Hashtan
Hazâj
Hektor
Hilter
Hwlwb
Iglevor
Igor
Iktor
Irod
Itzik
Jakman
Kakadw
Kakashwlalet
Kapak
Kapish
Kaprw
Kartofor
Kashkarabet
Kashkaval
Kastron
Kechke
Kleshte
Kohonesq
Kokack
Kokalar
Kokayn
Kotzofan
Kraiov
Krokodil
Kukurigu
Kwkotz
Kwrkan
Kwrmal
Kwtzwy
Kytra
Leydi
Leymen
Ligma
Lyngwshev
Masat
Mertzan
Mishtik
Mokofan
Molye
Morkov
Moshyer
Mwkos
Mwkos
Mwshtar
Myshtokar
Mystretz
Mytokan
Nazaprav
Nelson
Nenya
Nimrod
Okosh
Oleyx
Olytz
Orban
Otillo
Paryw
Pârtzotzyn
Perfyd
Peshek
Peshte
Pishty
Pitzy
Porkovan
Porkrachwn
Pushkat
Pwiemonta
Pwlahara
Pwllover
Pwlyshte
Pwshtan
Pwtzky
Pwtzyfer
Pyedone
Pyratt
Pytonesq
Raj
Robych
Romeo
Rondgy
Salahor
Sekestrw
Shakalaka
Shlong
Shobozawr
Sholoban
Sholoy
Shonny
Shoshokar
Shovyn
Shwartzy
Shwkar
Sile
Simeyon
Skamator
Skârtzar
Skibidi
Skrot
Skrra
Sloy
Stalyn
Stanish
Stanyol
Tiby
Trabant
Trwman
Trystofor
Trystov
Tyran
Tzighy
Vayshamar
Vizuyn
Vydanja
Vydanja
Vypera
Vytreg
Wrod
Yaga
Yalosh
Yfoss
Yojban
Yonchi
Yonder
Yonsnov
Yorm
Ytzar
Yuseinbolt
Yzgrob
Zbengu
Zebzek
Zigler
Zigor