Abwzet
Aiaye
Aladyn
Ampwllenkwr
Asinedd
Aszny
Aynshtayn
Baffalovy
Barbwt
Bashtan
Belesh
Belshwgg
Bengoss
Benzyn
Beshin
Blyatov
Boashe
Bobert
Bomfaier
Bondar
Bossman
Bostan
Boyer
Bozmeg
Bwffnitz
Bwlan
Bwlangyw
Bybol
Bygman
Byshtar
Chob
Choban
Chokapiq
Chokoflender
Cholaq
Chonky
Chwmpalaq
Conchy
Diwry
Dragnya
Dwbash
Dwjman
Dyhor
Egypwlame
Ewroy
Faraon
Felesh
Ferry
Frantzwz
Frwktyfer
Fwjitz
Fwrtishagg
Fwrtyshag
Fwtwryn
Gabor
Gagyw
Galosh
Geanny
Geonny
Ghamyash
Gwgwshtywk
Gwnoy
Gwnoyer
Gwsty
Gyorgesq
Gyorgy
Hashtan
Hazâj
Hektor
Hilter
Hwlwb
Iglevor
Igor
Iktor
Irod
Itzik
Jakman
Kakadw
Kakashwlalet
Kapak
Kapish
Kaprw
Kartofor
Kashkarabet
Kashkaval
Kastron
Kechke
Kleshte
Kohonesq
Kokack
Kokalar
Kokayn
Kotzofan
Koyan
Kraiov
Krokodil
Kwkotz
Kwkwrigw
Kwrkan
Kwrmal
Kwtzwy
Leydi
Leymen
Lyngwshev
Masat
Mertzan
Mishtik
Mokofan
Molye
Morkov
Moshyer
Mwkos
Mwshtar
Myshtokar
Mystretz
Mytokan
Nazaprav
Nelson
Nenya
Nimrod
Okosh
Oleyx
Olytz
Orban
Otillo
Paryw
Pârtzotzyn
Perfyd
Peshek
Peshte
Pishty
Pitzy
Porkovan
Porkrachwn
Pwllover
Pwlyshte
Pwshkat
Pwshtan
Pwtzky
Pwtzyfer
Pyedone
Pyratt
Pytonesq
Raj
Robych
Romeo
Rondgy
Salahor
Sekestrw
Shlong
Shobozawr
Sholoban
Sholoy
Shonny
Shoshokar
Shovyn
Shwartzy
Shwkar
Sile
Simeyon
Skamator
Skârtzar
Skibidi
Skrot
Sloy
Stalyn
Stanish
Stanyol
Tiby
Trabant
Trwman
Trystofor
Trystoq
Trystov
Twgrwlwr
Twrgwlwr
Tyran
Tzighy
Vayshamar
Vizwyn
Vytreg
Wrod
Yalosh
Yfoss
Yojban
Yonchi
Yonder
Yonsnov
Yorm
Yshtik
Ytzar
Ywseinbolt
Yzgrob
Zbengw
Zebzek
Zigler
Zigor